// Jest Snapshot v1, https://goo.gl/fbAQLP

exports[`APP should match the snapshot 1`] = `
<div
  className="App"
>
  <Switch>
    <Route
      exact={true}
      path="/login"
      render={[Function]}
    />
    <Route
      path=""
      render={[Function]}
    />
  </Switch>
  <Connect(Spread) />
</div>
`;
