// Jest Snapshot v1, https://goo.gl/fbAQLP

exports[`TopicContainer should match the snapshot 1`] = `undefined`;
